Component: ARM Compiler 5.06 update 4 (build 422) Tool: armlink [4d35d2]

==============================================================================

Image Symbol Table

    Local Symbols

    Symbol Name                              Value     Ov Type        Size  Object(Section)

    RESET                                    0x00000000   Section      192  startup_cw32l083.o(RESET)
    ../clib/microlib/division.c              0x00000000   Number         0  ldiv.o ABSOLUTE
    ../clib/microlib/division.c              0x00000000   Number         0  uidiv.o ABSOLUTE
    ../clib/microlib/division.c              0x00000000   Number         0  idiv.o ABSOLUTE
    ../clib/microlib/division.c              0x00000000   Number         0  uldiv.o ABSOLUTE
    ../clib/microlib/init/entry.s            0x00000000   Number         0  entry8a.o ABSOLUTE
    ../clib/microlib/init/entry.s            0x00000000   Number         0  entry.o ABSOLUTE
    ../clib/microlib/init/entry.s            0x00000000   Number         0  entry8b.o ABSOLUTE
    ../clib/microlib/init/entry.s            0x00000000   Number         0  entry9a.o ABSOLUTE
    ../clib/microlib/init/entry.s            0x00000000   Number         0  entry9b.o ABSOLUTE
    ../clib/microlib/init/entry.s            0x00000000   Number         0  entry10b.o ABSOLUTE
    ../clib/microlib/init/entry.s            0x00000000   Number         0  entry5.o ABSOLUTE
    ../clib/microlib/init/entry.s            0x00000000   Number         0  entry10a.o ABSOLUTE
    ../clib/microlib/init/entry.s            0x00000000   Number         0  entry11a.o ABSOLUTE
    ../clib/microlib/init/entry.s            0x00000000   Number         0  entry11b.o ABSOLUTE
    ../clib/microlib/init/entry.s            0x00000000   Number         0  entry2.o ABSOLUTE
    ../clib/microlib/init/entry.s            0x00000000   Number         0  entry7a.o ABSOLUTE
    ../clib/microlib/init/entry.s            0x00000000   Number         0  entry7b.o ABSOLUTE
    ../clib/microlib/longlong.c              0x00000000   Number         0  llushr.o ABSOLUTE
    ../clib/microlib/longlong.c              0x00000000   Number         0  llsshr.o ABSOLUTE
    ../clib/microlib/longlong.c              0x00000000   Number         0  llshl.o ABSOLUTE
    ../clib/microlib/printf/printf.c         0x00000000   Number         0  printf0.o ABSOLUTE
    ../clib/microlib/printf/printf.c         0x00000000   Number         0  printf3.o ABSOLUTE
    ../clib/microlib/printf/printf.c         0x00000000   Number         0  printf4.o ABSOLUTE
    ../clib/microlib/printf/printf.c         0x00000000   Number         0  printf8.o ABSOLUTE
    ../clib/microlib/printf/printf.c         0x00000000   Number         0  printfa.o ABSOLUTE
    ../clib/microlib/printf/printf.c         0x00000000   Number         0  printf5.o ABSOLUTE
    ../clib/microlib/printf/printf.c         0x00000000   Number         0  printfb.o ABSOLUTE
    ../clib/microlib/printf/printf.c         0x00000000   Number         0  printf7.o ABSOLUTE
    ../clib/microlib/printf/printf.c         0x00000000   Number         0  printf1.o ABSOLUTE
    ../clib/microlib/printf/printf.c         0x00000000   Number         0  printf6.o ABSOLUTE
    ../clib/microlib/printf/printf.c         0x00000000   Number         0  printf2.o ABSOLUTE
    ../clib/microlib/printf/stubs.s          0x00000000   Number         0  stubs.o ABSOLUTE
    ../clib/microlib/stdio/streams.c         0x00000000   Number         0  stdout.o ABSOLUTE
    ../clib/microlib/string/memcpy.c         0x00000000   Number         0  memcpyb.o ABSOLUTE
    ../clib/microlib/string/memcpy.c         0x00000000   Number         0  memcpya.o ABSOLUTE
    ../clib/microlib/string/memset.c         0x00000000   Number         0  memseta.o ABSOLUTE
    ../clib/microlib/stubs.s                 0x00000000   Number         0  iusefp.o ABSOLUTE
    ../fplib/microlib/f2d.c                  0x00000000   Number         0  f2d.o ABSOLUTE
    ../fplib/microlib/fpadd.c                0x00000000   Number         0  fadd.o ABSOLUTE
    ../fplib/microlib/fpadd.c                0x00000000   Number         0  dadd.o ABSOLUTE
    ../fplib/microlib/fpdiv.c                0x00000000   Number         0  fdiv.o ABSOLUTE
    ../fplib/microlib/fpdiv.c                0x00000000   Number         0  ddiv.o ABSOLUTE
    ../fplib/microlib/fpepilogue.c           0x00000000   Number         0  depilogue.o ABSOLUTE
    ../fplib/microlib/fpepilogue.c           0x00000000   Number         0  fepilogue.o ABSOLUTE
    ../fplib/microlib/fpfix.c                0x00000000   Number         0  ffixui.o ABSOLUTE
    ../fplib/microlib/fpfix.c                0x00000000   Number         0  dfixul.o ABSOLUTE
    ../fplib/microlib/fpfix.c                0x00000000   Number         0  dfixui.o ABSOLUTE
    ../fplib/microlib/fpflt.c                0x00000000   Number         0  ffltui.o ABSOLUTE
    ../fplib/microlib/fpmul.c                0x00000000   Number         0  fmul.o ABSOLUTE
    ../fplib/microlib/fpmul.c                0x00000000   Number         0  dmul.o ABSOLUTE
    ..\Libraries\src\cw32l083_btim.c         0x00000000   Number         0  cw32l083_btim.o ABSOLUTE
    ..\Libraries\src\cw32l083_gpio.c         0x00000000   Number         0  cw32l083_gpio.o ABSOLUTE
    ..\Libraries\src\cw32l083_i2c.c          0x00000000   Number         0  cw32l083_i2c.o ABSOLUTE
    ..\Libraries\src\cw32l083_pwr.c          0x00000000   Number         0  cw32l083_pwr.o ABSOLUTE
    ..\Libraries\src\cw32l083_rcc.c          0x00000000   Number         0  cw32l083_rcc.o ABSOLUTE
    ..\Libraries\src\cw32l083_rtc.c          0x00000000   Number         0  cw32l083_rtc.o ABSOLUTE
    ..\Libraries\src\cw32l083_uart.c         0x00000000   Number         0  cw32l083_uart.o ABSOLUTE
    ..\Libraries\src\startup_cw32l083.s      0x00000000   Number         0  startup_cw32l083.o ABSOLUTE
    ..\Libraries\src\system_cw32l083.c       0x00000000   Number         0  system_cw32l083.o ABSOLUTE
    ..\USER\src\i2c.c                        0x00000000   Number         0  i2c.o ABSOLUTE
    ..\USER\src\interrupts_cw32l083.c        0x00000000   Number         0  interrupts_cw32l083.o ABSOLUTE
    ..\USER\src\main.c                       0x00000000   Number         0  main.o ABSOLUTE
    ..\USER\src\message.c                    0x00000000   Number         0  message.o ABSOLUTE
    ..\USER\src\rtc.c                        0x00000000   Number         0  rtc.o ABSOLUTE
    ..\Utilities\log.c                       0x00000000   Number         0  log.o ABSOLUTE
    ..\\Libraries\\src\\cw32l083_btim.c      0x00000000   Number         0  cw32l083_btim.o ABSOLUTE
    ..\\Libraries\\src\\cw32l083_gpio.c      0x00000000   Number         0  cw32l083_gpio.o ABSOLUTE
    ..\\Libraries\\src\\cw32l083_i2c.c       0x00000000   Number         0  cw32l083_i2c.o ABSOLUTE
    ..\\Libraries\\src\\cw32l083_pwr.c       0x00000000   Number         0  cw32l083_pwr.o ABSOLUTE
    ..\\Libraries\\src\\cw32l083_rcc.c       0x00000000   Number         0  cw32l083_rcc.o ABSOLUTE
    ..\\Libraries\\src\\cw32l083_rtc.c       0x00000000   Number         0  cw32l083_rtc.o ABSOLUTE
    ..\\Libraries\\src\\cw32l083_uart.c      0x00000000   Number         0  cw32l083_uart.o ABSOLUTE
    ..\\Libraries\\src\\system_cw32l083.c    0x00000000   Number         0  system_cw32l083.o ABSOLUTE
    ..\\USER\\src\\i2c.c                     0x00000000   Number         0  i2c.o ABSOLUTE
    ..\\USER\\src\\interrupts_cw32l083.c     0x00000000   Number         0  interrupts_cw32l083.o ABSOLUTE
    ..\\USER\\src\\main.c                    0x00000000   Number         0  main.o ABSOLUTE
    ..\\USER\\src\\message.c                 0x00000000   Number         0  message.o ABSOLUTE
    ..\\USER\\src\\rtc.c                     0x00000000   Number         0  rtc.o ABSOLUTE
    ..\\Utilities\\log.c                     0x00000000   Number         0  log.o ABSOLUTE
    cdrcmple.s                               0x00000000   Number         0  cdrcmple.o ABSOLUTE
    dc.s                                     0x00000000   Number         0  dc.o ABSOLUTE
    handlers.s                               0x00000000   Number         0  handlers.o ABSOLUTE
    init.s                                   0x00000000   Number         0  init.o ABSOLUTE
    .ARM.Collect$$$$00000000                 0x000000c0   Section        0  entry.o(.ARM.Collect$$$$00000000)
    .ARM.Collect$$$$00000001                 0x000000c0   Section        4  entry2.o(.ARM.Collect$$$$00000001)
    .ARM.Collect$$$$00000004                 0x000000c4   Section        4  entry5.o(.ARM.Collect$$$$00000004)
    .ARM.Collect$$$$00000008                 0x000000c8   Section        0  entry7b.o(.ARM.Collect$$$$00000008)
    .ARM.Collect$$$$0000000A                 0x000000c8   Section        0  entry8b.o(.ARM.Collect$$$$0000000A)
    .ARM.Collect$$$$0000000B                 0x000000c8   Section        8  entry9a.o(.ARM.Collect$$$$0000000B)
    .ARM.Collect$$$$0000000D                 0x000000d0   Section        0  entry10a.o(.ARM.Collect$$$$0000000D)
    .ARM.Collect$$$$0000000F                 0x000000d0   Section        0  entry11a.o(.ARM.Collect$$$$0000000F)
    .ARM.Collect$$$$00002712                 0x000000d0   Section        4  entry2.o(.ARM.Collect$$$$00002712)
    __lit__00000000                          0x000000d0   Data           4  entry2.o(.ARM.Collect$$$$00002712)
    .text                                    0x000000d4   Section       40  startup_cw32l083.o(.text)
    .text                                    0x000000fc   Section        0  uidiv.o(.text)
    .text                                    0x00000128   Section        0  idiv.o(.text)
    .text                                    0x00000150   Section        0  memcpya.o(.text)
    .text                                    0x00000174   Section        0  memseta.o(.text)
    .text                                    0x00000198   Section        0  fadd.o(.text)
    .text                                    0x0000024a   Section        0  fmul.o(.text)
    .text                                    0x000002c4   Section        0  fdiv.o(.text)
    .text                                    0x00000340   Section        0  dadd.o(.text)
    .text                                    0x000004a4   Section        0  ffltui.o(.text)
    .text                                    0x000004b2   Section        0  ffixui.o(.text)
    .text                                    0x000004dc   Section        0  dfixui.o(.text)
    .text                                    0x00000518   Section        0  f2d.o(.text)
    .text                                    0x00000540   Section        0  uldiv.o(.text)
    .text                                    0x000005a0   Section        0  llshl.o(.text)
    .text                                    0x000005c0   Section        0  llushr.o(.text)
    .text                                    0x000005e2   Section        0  llsshr.o(.text)
    .text                                    0x00000608   Section        0  fepilogue.o(.text)
    .text                                    0x00000608   Section        0  iusefp.o(.text)
    .text                                    0x0000068a   Section        0  depilogue.o(.text)
    .text                                    0x00000748   Section       36  init.o(.text)
    i.ADC_IRQHandler                         0x0000076c   Section        0  interrupts_cw32l083.o(i.ADC_IRQHandler)
    i.ATIM_IRQHandler                        0x0000076e   Section        0  interrupts_cw32l083.o(i.ATIM_IRQHandler)
    i.AUTOTRIM_LCD_IRQHandler                0x00000770   Section        0  interrupts_cw32l083.o(i.AUTOTRIM_LCD_IRQHandler)
    i.BTIM1_IRQHandler                       0x00000774   Section        0  interrupts_cw32l083.o(i.BTIM1_IRQHandler)
    i.BTIM2_LPTIM1_IRQHandler                0x000007b0   Section        0  interrupts_cw32l083.o(i.BTIM2_LPTIM1_IRQHandler)
    i.BTIM3_IRQHandler                       0x000007b2   Section        0  interrupts_cw32l083.o(i.BTIM3_IRQHandler)
    i.BTIM_ClearITPendingBit                 0x000007b4   Section        0  cw32l083_btim.o(i.BTIM_ClearITPendingBit)
    i.BTIM_Cmd                               0x0000082c   Section        0  cw32l083_btim.o(i.BTIM_Cmd)
    i.BTIM_Configuration                     0x000008a8   Section        0  main.o(i.BTIM_Configuration)
    i.BTIM_GetITStatus                       0x000008f4   Section        0  cw32l083_btim.o(i.BTIM_GetITStatus)
    i.BTIM_ITConfig                          0x00000974   Section        0  cw32l083_btim.o(i.BTIM_ITConfig)
    i.BTIM_TimeBaseInit                      0x00000a08   Section        0  cw32l083_btim.o(i.BTIM_TimeBaseInit)
    i.Bcd_To_Num                             0x00000aac   Section        0  rtc.o(i.Bcd_To_Num)
    i.DMACH1_IRQHandler                      0x00000ae2   Section        0  interrupts_cw32l083.o(i.DMACH1_IRQHandler)
    i.DMACH23_IRQHandler                     0x00000ae4   Section        0  interrupts_cw32l083.o(i.DMACH23_IRQHandler)
    i.DMACH45_IRQHandler                     0x00000ae6   Section        0  interrupts_cw32l083.o(i.DMACH45_IRQHandler)
    i.DeepSleep_GOto                         0x00000ae8   Section        0  main.o(i.DeepSleep_GOto)
    i.FAULT_IRQHandler                       0x00000b08   Section        0  interrupts_cw32l083.o(i.FAULT_IRQHandler)
    i.FLASHRAM_IRQHandler                    0x00000b0a   Section        0  interrupts_cw32l083.o(i.FLASHRAM_IRQHandler)
    i.GPIOA_IRQHandler                       0x00000b0c   Section        0  interrupts_cw32l083.o(i.GPIOA_IRQHandler)
    i.GPIOB_IRQHandler                       0x00000b0e   Section        0  interrupts_cw32l083.o(i.GPIOB_IRQHandler)
    i.GPIOC_GPIOD_IRQHandler                 0x00000b10   Section        0  interrupts_cw32l083.o(i.GPIOC_GPIOD_IRQHandler)
    i.GPIOE_GPIOF_IRQHandler                 0x00000b12   Section        0  interrupts_cw32l083.o(i.GPIOE_GPIOF_IRQHandler)
    i.GPIO_Configuration                     0x00000b14   Section        0  main.o(i.GPIO_Configuration)
    i.GPIO_Init                              0x00000b50   Section        0  cw32l083_gpio.o(i.GPIO_Init)
    i.GTIM1_IRQHandler                       0x00000c32   Section        0  interrupts_cw32l083.o(i.GTIM1_IRQHandler)
    i.GTIM2_IRQHandler                       0x00000c34   Section        0  interrupts_cw32l083.o(i.GTIM2_IRQHandler)
    i.GTIM3_IRQHandler                       0x00000c36   Section        0  interrupts_cw32l083.o(i.GTIM3_IRQHandler)
    i.GTIM4_IRQHandler                       0x00000c38   Section        0  interrupts_cw32l083.o(i.GTIM4_IRQHandler)
    i.HardFault_Handler                      0x00000c3a   Section        0  interrupts_cw32l083.o(i.HardFault_Handler)
    i.I2C1_IRQHandler                        0x00000c3e   Section        0  interrupts_cw32l083.o(i.I2C1_IRQHandler)
    i.I2C2_IRQHandler                        0x00000c40   Section        0  interrupts_cw32l083.o(i.I2C2_IRQHandler)
    i.LVD_IRQHandler                         0x00000c42   Section        0  interrupts_cw32l083.o(i.LVD_IRQHandler)
    i.LogInit                                0x00000c44   Section        0  log.o(i.LogInit)
    i.MeMessage_Analysis                     0x00000c50   Section        0  message.o(i.MeMessage_Analysis)
    i.MeMessage_Analysis_Inner               0x00000c74   Section        0  message.o(i.MeMessage_Analysis_Inner)
    i.Message_Receive                        0x00000e80   Section        0  message.o(i.Message_Receive)
    i.Message_Response                       0x00000f20   Section        0  message.o(i.Message_Response)
    i.NMI_Handler                            0x00000fc4   Section        0  interrupts_cw32l083.o(i.NMI_Handler)
    i.NVIC_Configuration                     0x00000fc6   Section        0  main.o(i.NVIC_Configuration)
    i.Num_To_Bcd                             0x00000ff0   Section        0  rtc.o(i.Num_To_Bcd)
    i.PWR_Config                             0x00001064   Section        0  cw32l083_pwr.o(i.PWR_Config)
    i.PWR_GotoLpmMode                        0x000010e8   Section        0  cw32l083_pwr.o(i.PWR_GotoLpmMode)
    i.PendSV_Handler                         0x000010ec   Section        0  interrupts_cw32l083.o(i.PendSV_Handler)
    i.RCC_APBPeriphClk_Enable1               0x000010f0   Section        0  cw32l083_rcc.o(i.RCC_APBPeriphClk_Enable1)
    i.RCC_ClearRstFlag                       0x00001154   Section        0  cw32l083_rcc.o(i.RCC_ClearRstFlag)
    i.RCC_Configuration                      0x000011c0   Section        0  main.o(i.RCC_Configuration)
    i.RCC_HSI_Enable                         0x000011f0   Section        0  cw32l083_rcc.o(i.RCC_HSI_Enable)
    i.RCC_LSE_Enable                         0x00001294   Section        0  cw32l083_rcc.o(i.RCC_LSE_Enable)
    i.RTC_AlarmA_Set                         0x000013b4   Section        0  rtc.o(i.RTC_AlarmA_Set)
    i.RTC_AlarmCmd                           0x00001464   Section        0  cw32l083_rtc.o(i.RTC_AlarmCmd)
    i.RTC_BCDToBin                           0x00001578   Section        0  cw32l083_rtc.o(i.RTC_BCDToBin)
    i.RTC_ClearITPendingBit                  0x00001590   Section        0  cw32l083_rtc.o(i.RTC_ClearITPendingBit)
    i.RTC_Cmd                                0x00001610   Section        0  cw32l083_rtc.o(i.RTC_Cmd)
    i.RTC_Difference                         0x0000169c   Section        0  rtc.o(i.RTC_Difference)
    i.RTC_GetDate                            0x00001998   Section        0  cw32l083_rtc.o(i.RTC_GetDate)
    i.RTC_GetITState                         0x000019d4   Section        0  cw32l083_rtc.o(i.RTC_GetITState)
    i.RTC_GetTime                            0x00001a3c   Section        0  cw32l083_rtc.o(i.RTC_GetTime)
    i.RTC_IRQHandler                         0x00001a90   Section        0  interrupts_cw32l083.o(i.RTC_IRQHandler)
    i.RTC_IRQHandlerCallBack                 0x00001a98   Section        0  rtc.o(i.RTC_IRQHandlerCallBack)
    i.RTC_ITConfig                           0x00001da0   Section        0  cw32l083_rtc.o(i.RTC_ITConfig)
    i.RTC_Init                               0x00001e8c   Section        0  cw32l083_rtc.o(i.RTC_Init)
    i.RTC_SetAlarm                           0x00001f30   Section        0  cw32l083_rtc.o(i.RTC_SetAlarm)
    i.RTC_SetClockSource                     0x00002084   Section        0  cw32l083_rtc.o(i.RTC_SetClockSource)
    i.RTC_SetDate                            0x00002124   Section        0  cw32l083_rtc.o(i.RTC_SetDate)
    i.RTC_SetTime                            0x00002200   Section        0  cw32l083_rtc.o(i.RTC_SetTime)
    i.RTC_Sleep_Set                          0x0000231c   Section        0  rtc.o(i.RTC_Sleep_Set)
    i.RTC_Time_Check                         0x00002594   Section        0  rtc.o(i.RTC_Time_Check)
    i.RTC_Time_Compare                       0x0000265c   Section        0  rtc.o(i.RTC_Time_Compare)
    i.RTC_datetime_set                       0x00002754   Section        0  rtc.o(i.RTC_datetime_set)
    i.SPI1_IRQHandler                        0x000027f0   Section        0  interrupts_cw32l083.o(i.SPI1_IRQHandler)
    i.SPI2_IRQHandler                        0x000027f2   Section        0  interrupts_cw32l083.o(i.SPI2_IRQHandler)
    i.SVC_Handler                            0x000027f4   Section        0  interrupts_cw32l083.o(i.SVC_Handler)
    i.SYSCTRL_IRQHandler                     0x000027f6   Section        0  interrupts_cw32l083.o(i.SYSCTRL_IRQHandler)
    i.SerialInit                             0x000027f8   Section        0  log.o(i.SerialInit)
    SerialInit                               0x000027f9   Thumb Code   220  log.o(i.SerialInit)
    i.SerialSend                             0x000028e8   Section        0  log.o(i.SerialSend)
    SerialSend                               0x000028e9   Thumb Code    28  log.o(i.SerialSend)
    i.ShowTime                               0x00002908   Section        0  rtc.o(i.ShowTime)
    i.SystemCoreClockUpdate                  0x00002990   Section        0  system_cw32l083.o(i.SystemCoreClockUpdate)
    i.SystemInit                             0x000029a0   Section        0  system_cw32l083.o(i.SystemInit)
    i.UART1_UART4_IRQHandler                 0x000029dc   Section        0  interrupts_cw32l083.o(i.UART1_UART4_IRQHandler)
    i.UART2_UART5_IRQHandler                 0x000029de   Section        0  interrupts_cw32l083.o(i.UART2_UART5_IRQHandler)
    i.UART3_Init                             0x000029e0   Section        0  main.o(i.UART3_Init)
    i.UART3_UART6_IRQHandler                 0x00002ac4   Section        0  interrupts_cw32l083.o(i.UART3_UART6_IRQHandler)
    i.UART_ClearITPendingBit                 0x00002b10   Section        0  cw32l083_uart.o(i.UART_ClearITPendingBit)
    i.UART_GetFlagStatus                     0x00002ba8   Section        0  cw32l083_uart.o(i.UART_GetFlagStatus)
    i.UART_GetITStatus                       0x00002c44   Section        0  cw32l083_uart.o(i.UART_GetITStatus)
    i.UART_ITConfig                          0x00002ce4   Section        0  cw32l083_uart.o(i.UART_ITConfig)
    i.UART_Init                              0x00002da0   Section        0  cw32l083_uart.o(i.UART_Init)
    i.UART_ReceiveData_8bit                  0x0000309c   Section        0  cw32l083_uart.o(i.UART_ReceiveData_8bit)
    i.UART_SendData                          0x00003110   Section        0  cw32l083_uart.o(i.UART_SendData)
    i.UART_SendData_8bit                     0x0000319c   Section        0  cw32l083_uart.o(i.UART_SendData_8bit)
    i.VC1_IRQHandler                         0x00003220   Section        0  interrupts_cw32l083.o(i.VC1_IRQHandler)
    i.VC2_IRQHandler                         0x00003222   Section        0  interrupts_cw32l083.o(i.VC2_IRQHandler)
    i.WDT_IRQHandler                         0x00003224   Section        0  interrupts_cw32l083.o(i.WDT_IRQHandler)
    i.__0printf$8                            0x00003228   Section        0  printf8.o(i.__0printf$8)
    i.__ARM_clz                              0x00003248   Section        0  depilogue.o(i.__ARM_clz)
    i.__ARM_common_switch8                   0x00003276   Section        0  rtc.o(i.__ARM_common_switch8)
    i.__NVIC_EnableIRQ                       0x00003294   Section        0  main.o(i.__NVIC_EnableIRQ)
    __NVIC_EnableIRQ                         0x00003295   Thumb Code    26  main.o(i.__NVIC_EnableIRQ)
    i.__NVIC_SetPriority                     0x000032b4   Section        0  main.o(i.__NVIC_SetPriority)
    __NVIC_SetPriority                       0x000032b5   Thumb Code   110  main.o(i.__NVIC_SetPriority)
    i.__scatterload_copy                     0x0000332c   Section       14  handlers.o(i.__scatterload_copy)
    i.__scatterload_null                     0x0000333a   Section        2  handlers.o(i.__scatterload_null)
    i.__scatterload_zeroinit                 0x0000333c   Section       14  handlers.o(i.__scatterload_zeroinit)
    i._printf_core                           0x0000334c   Section        0  printf8.o(i._printf_core)
    _printf_core                             0x0000334d   Thumb Code  1020  printf8.o(i._printf_core)
    i._printf_post_padding                   0x00003774   Section        0  printf8.o(i._printf_post_padding)
    _printf_post_padding                     0x00003775   Thumb Code    32  printf8.o(i._printf_post_padding)
    i._printf_pre_padding                    0x00003794   Section        0  printf8.o(i._printf_pre_padding)
    _printf_pre_padding                      0x00003795   Thumb Code    44  printf8.o(i._printf_pre_padding)
    i.assert_failed                          0x000037c0   Section        0  main.o(i.assert_failed)
    i.crc16                                  0x000037c2   Section        0  message.o(i.crc16)
    i.daysInMonth                            0x00003832   Section        0  rtc.o(i.daysInMonth)
    i.delay                                  0x00003874   Section        0  main.o(i.delay)
    i.fputc                                  0x0000388e   Section        0  log.o(i.fputc)
    i.isLeapYear                             0x0000389e   Section        0  rtc.o(i.isLeapYear)
    i.main                                   0x000038d4   Section        0  main.o(i.main)
    i.reverse16                              0x00003d78   Section        0  message.o(i.reverse16)
    i.reverse8                               0x00003da0   Section        0  message.o(i.reverse8)
    .constdata                               0x00003dc8   Section        8  main.o(.constdata)
    pow2_table                               0x00003dc8   Data           8  main.o(.constdata)
    .constdata                               0x00003dd0   Section       24  message.o(.constdata)
    .constdata                               0x00003de8   Section        8  log.o(.constdata)
    pow2_table                               0x00003de8   Data           8  log.o(.constdata)
    .conststring                             0x00003df0   Section        9  rtc.o(.conststring)
    .data                                    0x20000000   Section        4  system_cw32l083.o(.data)
    .data                                    0x20000004   Section        6  main.o(.data)
    .data                                    0x2000000a   Section        2  interrupts_cw32l083.o(.data)
    .data                                    0x2000000c   Section       40  rtc.o(.data)
    H12AMPMStr                               0x20000024   Data          16  rtc.o(.data)
    .data                                    0x20000034   Section       18  message.o(.data)
    .data                                    0x20000048   Section        4  stdout.o(.data)
    .bss                                     0x2000004c   Section       75  message.o(.bss)
    STACK                                    0x20000098   Section      512  startup_cw32l083.o(STACK)

    Global Symbols

    Symbol Name                              Value     Ov Type        Size  Object(Section)

    BuildAttributes$$THM_ISAv3M$S$PE$A:L22$X:L11$S22$IEEE1$IW$USESV6$~STKCKD$USESV7$~SHL$OTIME$ROPI$EBA8$MICROLIB$REQ8$PRES8$EABIv2 0x00000000   Number         0  anon$$obj.o ABSOLUTE
    __ARM_use_no_argv                        0x00000000   Number         0  main.o ABSOLUTE
    __Vectors                                0x00000000   Data           0  startup_cw32l083.o(RESET)
    _printf_a                                0x00000000   Number         0  stubs.o ABSOLUTE
    _printf_c                                0x00000000   Number         0  stubs.o ABSOLUTE
    _printf_charcount                        0x00000000   Number         0  stubs.o ABSOLUTE
    _printf_d                                0x00000000   Number         0  stubs.o ABSOLUTE
    _printf_e                                0x00000000   Number         0  stubs.o ABSOLUTE
    _printf_f                                0x00000000   Number         0  stubs.o ABSOLUTE
    _printf_flags                            0x00000000   Number         0  stubs.o ABSOLUTE
    _printf_fp_dec                           0x00000000   Number         0  stubs.o ABSOLUTE
    _printf_fp_hex                           0x00000000   Number         0  stubs.o ABSOLUTE
    _printf_g                                0x00000000   Number         0  stubs.o ABSOLUTE
    _printf_i                                0x00000000   Number         0  stubs.o ABSOLUTE
    _printf_int_dec                          0x00000000   Number         0  stubs.o ABSOLUTE
    _printf_l                                0x00000000   Number         0  stubs.o ABSOLUTE
    _printf_lc                               0x00000000   Number         0  stubs.o ABSOLUTE
    _printf_ll                               0x00000000   Number         0  stubs.o ABSOLUTE
    _printf_lld                              0x00000000   Number         0  stubs.o ABSOLUTE
    _printf_lli                              0x00000000   Number         0  stubs.o ABSOLUTE
    _printf_llo                              0x00000000   Number         0  stubs.o ABSOLUTE
    _printf_llu                              0x00000000   Number         0  stubs.o ABSOLUTE
    _printf_llx                              0x00000000   Number         0  stubs.o ABSOLUTE
    _printf_longlong_dec                     0x00000000   Number         0  stubs.o ABSOLUTE
    _printf_longlong_hex                     0x00000000   Number         0  stubs.o ABSOLUTE
    _printf_longlong_oct                     0x00000000   Number         0  stubs.o ABSOLUTE
    _printf_ls                               0x00000000   Number         0  stubs.o ABSOLUTE
    _printf_mbtowc                           0x00000000   Number         0  stubs.o ABSOLUTE
    _printf_n                                0x00000000   Number         0  stubs.o ABSOLUTE
    _printf_o                                0x00000000   Number         0  stubs.o ABSOLUTE
    _printf_p                                0x00000000   Number         0  stubs.o ABSOLUTE
    _printf_percent                          0x00000000   Number         0  stubs.o ABSOLUTE
    _printf_pre_padding                      0x00000000   Number         0  stubs.o ABSOLUTE
    _printf_return_value                     0x00000000   Number         0  stubs.o ABSOLUTE
    _printf_s                                0x00000000   Number         0  stubs.o ABSOLUTE
    _printf_sizespec                         0x00000000   Number         0  stubs.o ABSOLUTE
    _printf_str                              0x00000000   Number         0  stubs.o ABSOLUTE
    _printf_truncate_signed                  0x00000000   Number         0  stubs.o ABSOLUTE
    _printf_truncate_unsigned                0x00000000   Number         0  stubs.o ABSOLUTE
    _printf_u                                0x00000000   Number         0  stubs.o ABSOLUTE
    _printf_wc                               0x00000000   Number         0  stubs.o ABSOLUTE
    _printf_wctomb                           0x00000000   Number         0  stubs.o ABSOLUTE
    _printf_widthprec                        0x00000000   Number         0  stubs.o ABSOLUTE
    _printf_x                                0x00000000   Number         0  stubs.o ABSOLUTE
    __cpp_initialize__aeabi_                  - Undefined Weak Reference
    __cxa_finalize                            - Undefined Weak Reference
    __decompress                              - Undefined Weak Reference
    _clock_init                               - Undefined Weak Reference
    _microlib_exit                            - Undefined Weak Reference
    __Vectors_End                            0x000000c0   Data           0  startup_cw32l083.o(RESET)
    __Vectors_Size                           0x000000c0   Number         0  startup_cw32l083.o ABSOLUTE
    __main                                   0x000000c1   Thumb Code     0  entry.o(.ARM.Collect$$$$00000000)
    _main_stk                                0x000000c1   Thumb Code     0  entry2.o(.ARM.Collect$$$$00000001)
    _main_scatterload                        0x000000c5   Thumb Code     0  entry5.o(.ARM.Collect$$$$00000004)
    __main_after_scatterload                 0x000000c9   Thumb Code     0  entry5.o(.ARM.Collect$$$$00000004)
    _main_clock                              0x000000c9   Thumb Code     0  entry7b.o(.ARM.Collect$$$$00000008)
    _main_cpp_init                           0x000000c9   Thumb Code     0  entry8b.o(.ARM.Collect$$$$0000000A)
    _main_init                               0x000000c9   Thumb Code     0  entry9a.o(.ARM.Collect$$$$0000000B)
    __rt_final_cpp                           0x000000d1   Thumb Code     0  entry10a.o(.ARM.Collect$$$$0000000D)
    __rt_final_exit                          0x000000d1   Thumb Code     0  entry11a.o(.ARM.Collect$$$$0000000F)
    Reset_Handler                            0x000000d5   Thumb Code    14  startup_cw32l083.o(.text)
    SysTick_Handler                          0x000000eb   Thumb Code     2  startup_cw32l083.o(.text)
    CLKFAULT_IRQHandler                      0x000000ed   Thumb Code     0  startup_cw32l083.o(.text)
    __aeabi_uidiv                            0x000000fd   Thumb Code     0  uidiv.o(.text)
    __aeabi_uidivmod                         0x000000fd   Thumb Code    44  uidiv.o(.text)
    __aeabi_idiv                             0x00000129   Thumb Code     0  idiv.o(.text)
    __aeabi_idivmod                          0x00000129   Thumb Code    40  idiv.o(.text)
    __aeabi_memcpy                           0x00000151   Thumb Code    36  memcpya.o(.text)
    __aeabi_memcpy4                          0x00000151   Thumb Code     0  memcpya.o(.text)
    __aeabi_memcpy8                          0x00000151   Thumb Code     0  memcpya.o(.text)
    __aeabi_memset                           0x00000175   Thumb Code    14  memseta.o(.text)
    __aeabi_memset4                          0x00000175   Thumb Code     0  memseta.o(.text)
    __aeabi_memset8                          0x00000175   Thumb Code     0  memseta.o(.text)
    __aeabi_memclr                           0x00000183   Thumb Code     4  memseta.o(.text)
    __aeabi_memclr4                          0x00000183   Thumb Code     0  memseta.o(.text)
    __aeabi_memclr8                          0x00000183   Thumb Code     0  memseta.o(.text)
    _memset$wrapper                          0x00000187   Thumb Code    18  memseta.o(.text)
    __aeabi_fadd                             0x00000199   Thumb Code   162  fadd.o(.text)
    __aeabi_fsub                             0x0000023b   Thumb Code     8  fadd.o(.text)
    __aeabi_frsub                            0x00000243   Thumb Code     8  fadd.o(.text)
    __aeabi_fmul                             0x0000024b   Thumb Code   122  fmul.o(.text)
    __aeabi_fdiv                             0x000002c5   Thumb Code   124  fdiv.o(.text)
    __aeabi_dadd                             0x00000341   Thumb Code   328  dadd.o(.text)
    __aeabi_dsub                             0x00000489   Thumb Code    12  dadd.o(.text)
    __aeabi_drsub                            0x00000495   Thumb Code    12  dadd.o(.text)
    __aeabi_ui2f                             0x000004a5   Thumb Code    14  ffltui.o(.text)
    __aeabi_f2uiz                            0x000004b3   Thumb Code    40  ffixui.o(.text)
    __aeabi_d2uiz                            0x000004dd   Thumb Code    50  dfixui.o(.text)
    __aeabi_f2d                              0x00000519   Thumb Code    40  f2d.o(.text)
    __aeabi_uldivmod                         0x00000541   Thumb Code    96  uldiv.o(.text)
    __aeabi_llsl                             0x000005a1   Thumb Code    32  llshl.o(.text)
    _ll_shift_l                              0x000005a1   Thumb Code     0  llshl.o(.text)
    __aeabi_llsr                             0x000005c1   Thumb Code    34  llushr.o(.text)
    _ll_ushift_r                             0x000005c1   Thumb Code     0  llushr.o(.text)
    __aeabi_lasr                             0x000005e3   Thumb Code    38  llsshr.o(.text)
    _ll_sshift_r                             0x000005e3   Thumb Code     0  llsshr.o(.text)
    __I$use$fp                               0x00000609   Thumb Code     0  iusefp.o(.text)
    _float_round                             0x00000609   Thumb Code    16  fepilogue.o(.text)
    _float_epilogue                          0x00000619   Thumb Code   114  fepilogue.o(.text)
    _double_round                            0x0000068b   Thumb Code    26  depilogue.o(.text)
    _double_epilogue                         0x000006a5   Thumb Code   164  depilogue.o(.text)
    __scatterload                            0x00000749   Thumb Code    28  init.o(.text)
    __scatterload_rt2                        0x00000749   Thumb Code     0  init.o(.text)
    ADC_IRQHandler                           0x0000076d   Thumb Code     2  interrupts_cw32l083.o(i.ADC_IRQHandler)
    ATIM_IRQHandler                          0x0000076f   Thumb Code     2  interrupts_cw32l083.o(i.ATIM_IRQHandler)
    AUTOTRIM_LCD_IRQHandler                  0x00000771   Thumb Code     2  interrupts_cw32l083.o(i.AUTOTRIM_LCD_IRQHandler)
    BTIM1_IRQHandler                         0x00000775   Thumb Code    50  interrupts_cw32l083.o(i.BTIM1_IRQHandler)
    BTIM2_LPTIM1_IRQHandler                  0x000007b1   Thumb Code     2  interrupts_cw32l083.o(i.BTIM2_LPTIM1_IRQHandler)
    BTIM3_IRQHandler                         0x000007b3   Thumb Code     2  interrupts_cw32l083.o(i.BTIM3_IRQHandler)
    BTIM_ClearITPendingBit                   0x000007b5   Thumb Code    68  cw32l083_btim.o(i.BTIM_ClearITPendingBit)
    BTIM_Cmd                                 0x0000082d   Thumb Code    76  cw32l083_btim.o(i.BTIM_Cmd)
    BTIM_Configuration                       0x000008a9   Thumb Code    64  main.o(i.BTIM_Configuration)
    BTIM_GetITStatus                         0x000008f5   Thumb Code    76  cw32l083_btim.o(i.BTIM_GetITStatus)
    BTIM_ITConfig                            0x00000975   Thumb Code    96  cw32l083_btim.o(i.BTIM_ITConfig)
    BTIM_TimeBaseInit                        0x00000a09   Thumb Code   112  cw32l083_btim.o(i.BTIM_TimeBaseInit)
    Bcd_To_Num                               0x00000aad   Thumb Code    54  rtc.o(i.Bcd_To_Num)
    DMACH1_IRQHandler                        0x00000ae3   Thumb Code     2  interrupts_cw32l083.o(i.DMACH1_IRQHandler)
    DMACH23_IRQHandler                       0x00000ae5   Thumb Code     2  interrupts_cw32l083.o(i.DMACH23_IRQHandler)
    DMACH45_IRQHandler                       0x00000ae7   Thumb Code     2  interrupts_cw32l083.o(i.DMACH45_IRQHandler)
    DeepSleep_GOto                           0x00000ae9   Thumb Code    32  main.o(i.DeepSleep_GOto)
    FAULT_IRQHandler                         0x00000b09   Thumb Code     2  interrupts_cw32l083.o(i.FAULT_IRQHandler)
    FLASHRAM_IRQHandler                      0x00000b0b   Thumb Code     2  interrupts_cw32l083.o(i.FLASHRAM_IRQHandler)
    GPIOA_IRQHandler                         0x00000b0d   Thumb Code     2  interrupts_cw32l083.o(i.GPIOA_IRQHandler)
    GPIOB_IRQHandler                         0x00000b0f   Thumb Code     2  interrupts_cw32l083.o(i.GPIOB_IRQHandler)
    GPIOC_GPIOD_IRQHandler                   0x00000b11   Thumb Code     2  interrupts_cw32l083.o(i.GPIOC_GPIOD_IRQHandler)
    GPIOE_GPIOF_IRQHandler                   0x00000b13   Thumb Code     2  interrupts_cw32l083.o(i.GPIOE_GPIOF_IRQHandler)
    GPIO_Configuration                       0x00000b15   Thumb Code    50  main.o(i.GPIO_Configuration)
    GPIO_Init                                0x00000b51   Thumb Code   226  cw32l083_gpio.o(i.GPIO_Init)
    GTIM1_IRQHandler                         0x00000c33   Thumb Code     2  interrupts_cw32l083.o(i.GTIM1_IRQHandler)
    GTIM2_IRQHandler                         0x00000c35   Thumb Code     2  interrupts_cw32l083.o(i.GTIM2_IRQHandler)
    GTIM3_IRQHandler                         0x00000c37   Thumb Code     2  interrupts_cw32l083.o(i.GTIM3_IRQHandler)
    GTIM4_IRQHandler                         0x00000c39   Thumb Code     2  interrupts_cw32l083.o(i.GTIM4_IRQHandler)
    HardFault_Handler                        0x00000c3b   Thumb Code     4  interrupts_cw32l083.o(i.HardFault_Handler)
    I2C1_IRQHandler                          0x00000c3f   Thumb Code     2  interrupts_cw32l083.o(i.I2C1_IRQHandler)
    I2C2_IRQHandler                          0x00000c41   Thumb Code     2  interrupts_cw32l083.o(i.I2C2_IRQHandler)
    LVD_IRQHandler                           0x00000c43   Thumb Code     2  interrupts_cw32l083.o(i.LVD_IRQHandler)
    LogInit                                  0x00000c45   Thumb Code    12  log.o(i.LogInit)
    MeMessage_Analysis                       0x00000c51   Thumb Code    32  message.o(i.MeMessage_Analysis)
    MeMessage_Analysis_Inner                 0x00000c75   Thumb Code   448  message.o(i.MeMessage_Analysis_Inner)
    Message_Receive                          0x00000e81   Thumb Code   112  message.o(i.Message_Receive)
    Message_Response                         0x00000f21   Thumb Code   154  message.o(i.Message_Response)
    NMI_Handler                              0x00000fc5   Thumb Code     2  interrupts_cw32l083.o(i.NMI_Handler)
    NVIC_Configuration                       0x00000fc7   Thumb Code    42  main.o(i.NVIC_Configuration)
    Num_To_Bcd                               0x00000ff1   Thumb Code   114  rtc.o(i.Num_To_Bcd)
    PWR_Config                               0x00001065   Thumb Code    96  cw32l083_pwr.o(i.PWR_Config)
    PWR_GotoLpmMode                          0x000010e9   Thumb Code     4  cw32l083_pwr.o(i.PWR_GotoLpmMode)
    PendSV_Handler                           0x000010ed   Thumb Code     2  interrupts_cw32l083.o(i.PendSV_Handler)
    RCC_APBPeriphClk_Enable1                 0x000010f1   Thumb Code    56  cw32l083_rcc.o(i.RCC_APBPeriphClk_Enable1)
    RCC_ClearRstFlag                         0x00001155   Thumb Code    68  cw32l083_rcc.o(i.RCC_ClearRstFlag)
    RCC_Configuration                        0x000011c1   Thumb Code    44  main.o(i.RCC_Configuration)
    RCC_HSI_Enable                           0x000011f1   Thumb Code   116  cw32l083_rcc.o(i.RCC_HSI_Enable)
    RCC_LSE_Enable                           0x00001295   Thumb Code   238  cw32l083_rcc.o(i.RCC_LSE_Enable)
    RTC_AlarmA_Set                           0x000013b5   Thumb Code    92  rtc.o(i.RTC_AlarmA_Set)
    RTC_AlarmCmd                             0x00001465   Thumb Code   236  cw32l083_rtc.o(i.RTC_AlarmCmd)
    RTC_BCDToBin                             0x00001579   Thumb Code    24  cw32l083_rtc.o(i.RTC_BCDToBin)
    RTC_ClearITPendingBit                    0x00001591   Thumb Code    92  cw32l083_rtc.o(i.RTC_ClearITPendingBit)
    RTC_Cmd                                  0x00001611   Thumb Code   102  cw32l083_rtc.o(i.RTC_Cmd)
    RTC_Difference                           0x0000169d   Thumb Code   700  rtc.o(i.RTC_Difference)
    RTC_GetDate                              0x00001999   Thumb Code    54  cw32l083_rtc.o(i.RTC_GetDate)
    RTC_GetITState                           0x000019d5   Thumb Code    66  cw32l083_rtc.o(i.RTC_GetITState)
    RTC_GetTime                              0x00001a3d   Thumb Code    78  cw32l083_rtc.o(i.RTC_GetTime)
    RTC_IRQHandler                           0x00001a91   Thumb Code     8  interrupts_cw32l083.o(i.RTC_IRQHandler)
    RTC_IRQHandlerCallBack                   0x00001a99   Thumb Code   652  rtc.o(i.RTC_IRQHandlerCallBack)
    RTC_ITConfig                             0x00001da1   Thumb Code   194  cw32l083_rtc.o(i.RTC_ITConfig)
    RTC_Init                                 0x00001e8d   Thumb Code   124  cw32l083_rtc.o(i.RTC_Init)
    RTC_SetAlarm                             0x00001f31   Thumb Code   298  cw32l083_rtc.o(i.RTC_SetAlarm)
    RTC_SetClockSource                       0x00002085   Thumb Code   118  cw32l083_rtc.o(i.RTC_SetClockSource)
    RTC_SetDate                              0x00002125   Thumb Code   184  cw32l083_rtc.o(i.RTC_SetDate)
    RTC_SetTime                              0x00002201   Thumb Code   246  cw32l083_rtc.o(i.RTC_SetTime)
    RTC_Sleep_Set                            0x0000231d   Thumb Code   374  rtc.o(i.RTC_Sleep_Set)
    RTC_Time_Check                           0x00002595   Thumb Code   146  rtc.o(i.RTC_Time_Check)
    RTC_Time_Compare                         0x0000265d   Thumb Code   180  rtc.o(i.RTC_Time_Compare)
    RTC_datetime_set                         0x00002755   Thumb Code    86  rtc.o(i.RTC_datetime_set)
    SPI1_IRQHandler                          0x000027f1   Thumb Code     2  interrupts_cw32l083.o(i.SPI1_IRQHandler)
    SPI2_IRQHandler                          0x000027f3   Thumb Code     2  interrupts_cw32l083.o(i.SPI2_IRQHandler)
    SVC_Handler                              0x000027f5   Thumb Code     2  interrupts_cw32l083.o(i.SVC_Handler)
    SYSCTRL_IRQHandler                       0x000027f7   Thumb Code     2  interrupts_cw32l083.o(i.SYSCTRL_IRQHandler)
    ShowTime                                 0x00002909   Thumb Code    76  rtc.o(i.ShowTime)
    SystemCoreClockUpdate                    0x00002991   Thumb Code     8  system_cw32l083.o(i.SystemCoreClockUpdate)
    SystemInit                               0x000029a1   Thumb Code    50  system_cw32l083.o(i.SystemInit)
    UART1_UART4_IRQHandler                   0x000029dd   Thumb Code     2  interrupts_cw32l083.o(i.UART1_UART4_IRQHandler)
    UART2_UART5_IRQHandler                   0x000029df   Thumb Code     2  interrupts_cw32l083.o(i.UART2_UART5_IRQHandler)
    UART3_Init                               0x000029e1   Thumb Code   210  main.o(i.UART3_Init)
    UART3_UART6_IRQHandler                   0x00002ac5   Thumb Code    60  interrupts_cw32l083.o(i.UART3_UART6_IRQHandler)
    UART_ClearITPendingBit                   0x00002b11   Thumb Code    86  cw32l083_uart.o(i.UART_ClearITPendingBit)
    UART_GetFlagStatus                       0x00002ba9   Thumb Code    96  cw32l083_uart.o(i.UART_GetFlagStatus)
    UART_GetITStatus                         0x00002c45   Thumb Code    94  cw32l083_uart.o(i.UART_GetITStatus)
    UART_ITConfig                            0x00002ce5   Thumb Code   124  cw32l083_uart.o(i.UART_ITConfig)
    UART_Init                                0x00002da1   Thumb Code   684  cw32l083_uart.o(i.UART_Init)
    UART_ReceiveData_8bit                    0x0000309d   Thumb Code    56  cw32l083_uart.o(i.UART_ReceiveData_8bit)
    UART_SendData                            0x00003111   Thumb Code    76  cw32l083_uart.o(i.UART_SendData)
    UART_SendData_8bit                       0x0000319d   Thumb Code    70  cw32l083_uart.o(i.UART_SendData_8bit)
    VC1_IRQHandler                           0x00003221   Thumb Code     2  interrupts_cw32l083.o(i.VC1_IRQHandler)
    VC2_IRQHandler                           0x00003223   Thumb Code     2  interrupts_cw32l083.o(i.VC2_IRQHandler)
    WDT_IRQHandler                           0x00003225   Thumb Code     2  interrupts_cw32l083.o(i.WDT_IRQHandler)
    __0printf$8                              0x00003229   Thumb Code    24  printf8.o(i.__0printf$8)
    __1printf$8                              0x00003229   Thumb Code     0  printf8.o(i.__0printf$8)
    __2printf                                0x00003229   Thumb Code     0  printf8.o(i.__0printf$8)
    __ARM_clz                                0x00003249   Thumb Code    46  depilogue.o(i.__ARM_clz)
    __ARM_common_switch8                     0x00003277   Thumb Code    28  rtc.o(i.__ARM_common_switch8)
    __scatterload_copy                       0x0000332d   Thumb Code    14  handlers.o(i.__scatterload_copy)
    __scatterload_null                       0x0000333b   Thumb Code     2  handlers.o(i.__scatterload_null)
    __scatterload_zeroinit                   0x0000333d   Thumb Code    14  handlers.o(i.__scatterload_zeroinit)
    assert_failed                            0x000037c1   Thumb Code     2  main.o(i.assert_failed)
    crc16                                    0x000037c3   Thumb Code   112  message.o(i.crc16)
    daysInMonth                              0x00003833   Thumb Code    66  rtc.o(i.daysInMonth)
    delay                                    0x00003875   Thumb Code    26  main.o(i.delay)
    fputc                                    0x0000388f   Thumb Code    16  log.o(i.fputc)
    isLeapYear                               0x0000389f   Thumb Code    54  rtc.o(i.isLeapYear)
    main                                     0x000038d5   Thumb Code   596  main.o(i.main)
    reverse16                                0x00003d79   Thumb Code    40  message.o(i.reverse16)
    reverse8                                 0x00003da1   Thumb Code    40  message.o(i.reverse8)
    crc_16_IBM                               0x00003dd0   Data           8  message.o(.constdata)
    crc_16_MAXIM                             0x00003dd8   Data           8  message.o(.constdata)
    crc_16_MODBUS                            0x00003de0   Data           8  message.o(.constdata)
    Region$$Table$$Base                      0x00003dfc   Number         0  anon$$obj.o(Region$$Table)
    Region$$Table$$Limit                     0x00003e1c   Number         0  anon$$obj.o(Region$$Table)
    SystemCoreClock                          0x20000000   Data           4  system_cw32l083.o(.data)
    init_RTC_Time                            0x20000004   Data           6  main.o(.data)
    BTIM1_Interrupt_times                    0x2000000a   Data           2  interrupts_cw32l083.o(.data)
    RTC_hour                                 0x2000000c   Data           1  rtc.o(.data)
    RTC_minute                               0x2000000d   Data           1  rtc.o(.data)
    Sleep_Status                             0x2000000e   Data           1  rtc.o(.data)
    Difference_Waitsleep                     0x20000010   Data           6  rtc.o(.data)
    Difference_Waitawaken                    0x20000016   Data           6  rtc.o(.data)
    End_Sleep                                0x2000001c   Data           5  rtc.o(.data)
    Message_Send_ST                          0x20000034   Data           6  message.o(.data)
    Execution_status                         0x2000003a   Data           1  message.o(.data)
    Message_Receive1                         0x2000003b   Data           7  message.o(.data)
    Flage_Receive_UART3                      0x20000042   Data           1  message.o(.data)
    Receive_Counted                          0x20000043   Data           1  message.o(.data)
    Receive_Num                              0x20000044   Data           1  message.o(.data)
    Message_Status                           0x20000045   Data           1  message.o(.data)
    __stdout                                 0x20000048   Data           4  stdout.o(.data)
    MessageReceiveBuffer                     0x2000004c   Data          28  message.o(.bss)
    Message_Receive_ST                       0x20000068   Data          28  message.o(.bss)
    Message_Receive2                         0x20000084   Data          19  message.o(.bss)
    __initial_sp                             0x20000298   Data           0  startup_cw32l083.o(STACK)



==============================================================================

Memory Map of the image

  Image Entry point : 0x000000c1

  Load Region LR_IROM1 (Base: 0x00000000, Size: 0x00003e68, Max: 0x00040000, ABSOLUTE)

    Execution Region ER_IROM1 (Exec base: 0x00000000, Load base: 0x00000000, Size: 0x00003e1c, Max: 0x00040000, ABSOLUTE)

    Exec Addr    Load Addr    Size         Type   Attr      Idx    E Section Name        Object

    0x00000000   0x00000000   0x000000c0   Data   RO           84    RESET               startup_cw32l083.o
    0x000000c0   0x000000c0   0x00000000   Code   RO         1801  * .ARM.Collect$$$$00000000  mc_p.l(entry.o)
    0x000000c0   0x000000c0   0x00000004   Code   RO         2093    .ARM.Collect$$$$00000001  mc_p.l(entry2.o)
    0x000000c4   0x000000c4   0x00000004   Code   RO         2096    .ARM.Collect$$$$00000004  mc_p.l(entry5.o)
    0x000000c8   0x000000c8   0x00000000   Code   RO         2098    .ARM.Collect$$$$00000008  mc_p.l(entry7b.o)
    0x000000c8   0x000000c8   0x00000000   Code   RO         2100    .ARM.Collect$$$$0000000A  mc_p.l(entry8b.o)
    0x000000c8   0x000000c8   0x00000008   Code   RO         2101    .ARM.Collect$$$$0000000B  mc_p.l(entry9a.o)
    0x000000d0   0x000000d0   0x00000000   Code   RO         2103    .ARM.Collect$$$$0000000D  mc_p.l(entry10a.o)
    0x000000d0   0x000000d0   0x00000000   Code   RO         2105    .ARM.Collect$$$$0000000F  mc_p.l(entry11a.o)
    0x000000d0   0x000000d0   0x00000004   Code   RO         2094    .ARM.Collect$$$$00002712  mc_p.l(entry2.o)
    0x000000d4   0x000000d4   0x00000028   Code   RO           85    .text               startup_cw32l083.o
    0x000000fc   0x000000fc   0x0000002c   Code   RO         1804    .text               mc_p.l(uidiv.o)
    0x00000128   0x00000128   0x00000028   Code   RO         1806    .text               mc_p.l(idiv.o)
    0x00000150   0x00000150   0x00000024   Code   RO         1810    .text               mc_p.l(memcpya.o)
    0x00000174   0x00000174   0x00000024   Code   RO         1812    .text               mc_p.l(memseta.o)
    0x00000198   0x00000198   0x000000b2   Code   RO         2077    .text               mf_p.l(fadd.o)
    0x0000024a   0x0000024a   0x0000007a   Code   RO         2079    .text               mf_p.l(fmul.o)
    0x000002c4   0x000002c4   0x0000007c   Code   RO         2081    .text               mf_p.l(fdiv.o)
    0x00000340   0x00000340   0x00000164   Code   RO         2083    .text               mf_p.l(dadd.o)
    0x000004a4   0x000004a4   0x0000000e   Code   RO         2085    .text               mf_p.l(ffltui.o)
    0x000004b2   0x000004b2   0x00000028   Code   RO         2087    .text               mf_p.l(ffixui.o)
    0x000004da   0x000004da   0x00000002   PAD
    0x000004dc   0x000004dc   0x0000003c   Code   RO         2089    .text               mf_p.l(dfixui.o)
    0x00000518   0x00000518   0x00000028   Code   RO         2091    .text               mf_p.l(f2d.o)
    0x00000540   0x00000540   0x00000060   Code   RO         2108    .text               mc_p.l(uldiv.o)
    0x000005a0   0x000005a0   0x00000020   Code   RO         2110    .text               mc_p.l(llshl.o)
    0x000005c0   0x000005c0   0x00000022   Code   RO         2112    .text               mc_p.l(llushr.o)
    0x000005e2   0x000005e2   0x00000026   Code   RO         2114    .text               mc_p.l(llsshr.o)
    0x00000608   0x00000608   0x00000000   Code   RO         2116    .text               mc_p.l(iusefp.o)
    0x00000608   0x00000608   0x00000082   Code   RO         2117    .text               mf_p.l(fepilogue.o)
    0x0000068a   0x0000068a   0x000000be   Code   RO         2119    .text               mf_p.l(depilogue.o)
    0x00000748   0x00000748   0x00000024   Code   RO         2131    .text               mc_p.l(init.o)
    0x0000076c   0x0000076c   0x00000002   Code   RO          230    i.ADC_IRQHandler    interrupts_cw32l083.o
    0x0000076e   0x0000076e   0x00000002   Code   RO          231    i.ATIM_IRQHandler   interrupts_cw32l083.o
    0x00000770   0x00000770   0x00000002   Code   RO          232    i.AUTOTRIM_LCD_IRQHandler  interrupts_cw32l083.o
    0x00000772   0x00000772   0x00000002   PAD
    0x00000774   0x00000774   0x0000003c   Code   RO          233    i.BTIM1_IRQHandler  interrupts_cw32l083.o
    0x000007b0   0x000007b0   0x00000002   Code   RO          234    i.BTIM2_LPTIM1_IRQHandler  interrupts_cw32l083.o
    0x000007b2   0x000007b2   0x00000002   Code   RO          235    i.BTIM3_IRQHandler  interrupts_cw32l083.o
    0x000007b4   0x000007b4   0x00000078   Code   RO          656    i.BTIM_ClearITPendingBit  cw32l083_btim.o
    0x0000082c   0x0000082c   0x0000007c   Code   RO          657    i.BTIM_Cmd          cw32l083_btim.o
    0x000008a8   0x000008a8   0x0000004c   Code   RO           91    i.BTIM_Configuration  main.o
    0x000008f4   0x000008f4   0x00000080   Code   RO          663    i.BTIM_GetITStatus  cw32l083_btim.o
    0x00000974   0x00000974   0x00000094   Code   RO          665    i.BTIM_ITConfig     cw32l083_btim.o
    0x00000a08   0x00000a08   0x000000a4   Code   RO          674    i.BTIM_TimeBaseInit  cw32l083_btim.o
    0x00000aac   0x00000aac   0x00000036   Code   RO          472    i.Bcd_To_Num        rtc.o
    0x00000ae2   0x00000ae2   0x00000002   Code   RO          236    i.DMACH1_IRQHandler  interrupts_cw32l083.o
    0x00000ae4   0x00000ae4   0x00000002   Code   RO          237    i.DMACH23_IRQHandler  interrupts_cw32l083.o
    0x00000ae6   0x00000ae6   0x00000002   Code   RO          238    i.DMACH45_IRQHandler  interrupts_cw32l083.o
    0x00000ae8   0x00000ae8   0x00000020   Code   RO           92    i.DeepSleep_GOto    main.o
    0x00000b08   0x00000b08   0x00000002   Code   RO          239    i.FAULT_IRQHandler  interrupts_cw32l083.o
    0x00000b0a   0x00000b0a   0x00000002   Code   RO          240    i.FLASHRAM_IRQHandler  interrupts_cw32l083.o
    0x00000b0c   0x00000b0c   0x00000002   Code   RO          241    i.GPIOA_IRQHandler  interrupts_cw32l083.o
    0x00000b0e   0x00000b0e   0x00000002   Code   RO          242    i.GPIOB_IRQHandler  interrupts_cw32l083.o
    0x00000b10   0x00000b10   0x00000002   Code   RO          243    i.GPIOC_GPIOD_IRQHandler  interrupts_cw32l083.o
    0x00000b12   0x00000b12   0x00000002   Code   RO          244    i.GPIOE_GPIOF_IRQHandler  interrupts_cw32l083.o
    0x00000b14   0x00000b14   0x0000003c   Code   RO           93    i.GPIO_Configuration  main.o
    0x00000b50   0x00000b50   0x000000e2   Code   RO          793    i.GPIO_Init         cw32l083_gpio.o
    0x00000c32   0x00000c32   0x00000002   Code   RO          245    i.GTIM1_IRQHandler  interrupts_cw32l083.o
    0x00000c34   0x00000c34   0x00000002   Code   RO          246    i.GTIM2_IRQHandler  interrupts_cw32l083.o
    0x00000c36   0x00000c36   0x00000002   Code   RO          247    i.GTIM3_IRQHandler  interrupts_cw32l083.o
    0x00000c38   0x00000c38   0x00000002   Code   RO          248    i.GTIM4_IRQHandler  interrupts_cw32l083.o
    0x00000c3a   0x00000c3a   0x00000004   Code   RO          249    i.HardFault_Handler  interrupts_cw32l083.o
    0x00000c3e   0x00000c3e   0x00000002   Code   RO          250    i.I2C1_IRQHandler   interrupts_cw32l083.o
    0x00000c40   0x00000c40   0x00000002   Code   RO          251    i.I2C2_IRQHandler   interrupts_cw32l083.o
    0x00000c42   0x00000c42   0x00000002   Code   RO          252    i.LVD_IRQHandler    interrupts_cw32l083.o
    0x00000c44   0x00000c44   0x0000000c   Code   RO         1759    i.LogInit           log.o
    0x00000c50   0x00000c50   0x00000024   Code   RO          595    i.MeMessage_Analysis  message.o
    0x00000c74   0x00000c74   0x0000020c   Code   RO          596    i.MeMessage_Analysis_Inner  message.o
    0x00000e80   0x00000e80   0x000000a0   Code   RO          597    i.Message_Receive   message.o
    0x00000f20   0x00000f20   0x000000a4   Code   RO          598    i.Message_Response  message.o
    0x00000fc4   0x00000fc4   0x00000002   Code   RO          253    i.NMI_Handler       interrupts_cw32l083.o
    0x00000fc6   0x00000fc6   0x0000002a   Code   RO           94    i.NVIC_Configuration  main.o
    0x00000ff0   0x00000ff0   0x00000072   Code   RO          473    i.Num_To_Bcd        rtc.o
    0x00001062   0x00001062   0x00000002   PAD
    0x00001064   0x00001064   0x00000084   Code   RO         1064    i.PWR_Config        cw32l083_pwr.o
    0x000010e8   0x000010e8   0x00000004   Code   RO         1065    i.PWR_GotoLpmMode   cw32l083_pwr.o
    0x000010ec   0x000010ec   0x00000002   Code   RO          254    i.PendSV_Handler    interrupts_cw32l083.o
    0x000010ee   0x000010ee   0x00000002   PAD
    0x000010f0   0x000010f0   0x00000064   Code   RO         1092    i.RCC_APBPeriphClk_Enable1  cw32l083_rcc.o
    0x00001154   0x00001154   0x0000006c   Code   RO         1102    i.RCC_ClearRstFlag  cw32l083_rcc.o
    0x000011c0   0x000011c0   0x00000030   Code   RO           95    i.RCC_Configuration  main.o
    0x000011f0   0x000011f0   0x000000a4   Code   RO         1119    i.RCC_HSI_Enable    cw32l083_rcc.o
    0x00001294   0x00001294   0x00000120   Code   RO         1125    i.RCC_LSE_Enable    cw32l083_rcc.o
    0x000013b4   0x000013b4   0x000000b0   Code   RO          474    i.RTC_AlarmA_Set    rtc.o
    0x00001464   0x00001464   0x00000114   Code   RO         1427    i.RTC_AlarmCmd      cw32l083_rtc.o
    0x00001578   0x00001578   0x00000018   Code   RO         1428    i.RTC_BCDToBin      cw32l083_rtc.o
    0x00001590   0x00001590   0x00000080   Code   RO         1432    i.RTC_ClearITPendingBit  cw32l083_rtc.o
    0x00001610   0x00001610   0x0000008c   Code   RO         1433    i.RTC_Cmd           cw32l083_rtc.o
    0x0000169c   0x0000169c   0x000002fc   Code   RO          475    i.RTC_Difference    rtc.o
    0x00001998   0x00001998   0x0000003c   Code   RO         1436    i.RTC_GetDate       cw32l083_rtc.o
    0x000019d4   0x000019d4   0x00000068   Code   RO         1437    i.RTC_GetITState    cw32l083_rtc.o
    0x00001a3c   0x00001a3c   0x00000054   Code   RO         1440    i.RTC_GetTime       cw32l083_rtc.o
    0x00001a90   0x00001a90   0x00000008   Code   RO          255    i.RTC_IRQHandler    interrupts_cw32l083.o
    0x00001a98   0x00001a98   0x00000308   Code   RO          476    i.RTC_IRQHandlerCallBack  rtc.o
    0x00001da0   0x00001da0   0x000000ec   Code   RO         1441    i.RTC_ITConfig      cw32l083_rtc.o
    0x00001e8c   0x00001e8c   0x000000a4   Code   RO         1442    i.RTC_Init          cw32l083_rtc.o
    0x00001f30   0x00001f30   0x00000154   Code   RO         1444    i.RTC_SetAlarm      cw32l083_rtc.o
    0x00002084   0x00002084   0x000000a0   Code   RO         1445    i.RTC_SetClockSource  cw32l083_rtc.o
    0x00002124   0x00002124   0x000000dc   Code   RO         1446    i.RTC_SetDate       cw32l083_rtc.o
    0x00002200   0x00002200   0x0000011c   Code   RO         1448    i.RTC_SetTime       cw32l083_rtc.o
    0x0000231c   0x0000231c   0x00000278   Code   RO          477    i.RTC_Sleep_Set     rtc.o
    0x00002594   0x00002594   0x000000c8   Code   RO          478    i.RTC_Time_Check    rtc.o
    0x0000265c   0x0000265c   0x000000f8   Code   RO          479    i.RTC_Time_Compare  rtc.o
    0x00002754   0x00002754   0x0000009c   Code   RO          480    i.RTC_datetime_set  rtc.o
    0x000027f0   0x000027f0   0x00000002   Code   RO          256    i.SPI1_IRQHandler   interrupts_cw32l083.o
    0x000027f2   0x000027f2   0x00000002   Code   RO          257    i.SPI2_IRQHandler   interrupts_cw32l083.o
    0x000027f4   0x000027f4   0x00000002   Code   RO          258    i.SVC_Handler       interrupts_cw32l083.o
    0x000027f6   0x000027f6   0x00000002   Code   RO          259    i.SYSCTRL_IRQHandler  interrupts_cw32l083.o
    0x000027f8   0x000027f8   0x000000f0   Code   RO         1760    i.SerialInit        log.o
    0x000028e8   0x000028e8   0x00000020   Code   RO         1761    i.SerialSend        log.o
    0x00002908   0x00002908   0x00000088   Code   RO          481    i.ShowTime          rtc.o
    0x00002990   0x00002990   0x00000010   Code   RO            5    i.SystemCoreClockUpdate  system_cw32l083.o
    0x000029a0   0x000029a0   0x0000003c   Code   RO            6    i.SystemInit        system_cw32l083.o
    0x000029dc   0x000029dc   0x00000002   Code   RO          260    i.UART1_UART4_IRQHandler  interrupts_cw32l083.o
    0x000029de   0x000029de   0x00000002   Code   RO          261    i.UART2_UART5_IRQHandler  interrupts_cw32l083.o
    0x000029e0   0x000029e0   0x000000e4   Code   RO           96    i.UART3_Init        main.o
    0x00002ac4   0x00002ac4   0x0000004c   Code   RO          262    i.UART3_UART6_IRQHandler  interrupts_cw32l083.o
    0x00002b10   0x00002b10   0x00000098   Code   RO         1602    i.UART_ClearITPendingBit  cw32l083_uart.o
    0x00002ba8   0x00002ba8   0x0000009c   Code   RO         1607    i.UART_GetFlagStatus  cw32l083_uart.o
    0x00002c44   0x00002c44   0x000000a0   Code   RO         1608    i.UART_GetITStatus  cw32l083_uart.o
    0x00002ce4   0x00002ce4   0x000000bc   Code   RO         1610    i.UART_ITConfig     cw32l083_uart.o
    0x00002da0   0x00002da0   0x000002fc   Code   RO         1611    i.UART_Init         cw32l083_uart.o
    0x0000309c   0x0000309c   0x00000074   Code   RO         1614    i.UART_ReceiveData_8bit  cw32l083_uart.o
    0x00003110   0x00003110   0x0000008c   Code   RO         1615    i.UART_SendData     cw32l083_uart.o
    0x0000319c   0x0000319c   0x00000084   Code   RO         1616    i.UART_SendData_8bit  cw32l083_uart.o
    0x00003220   0x00003220   0x00000002   Code   RO          263    i.VC1_IRQHandler    interrupts_cw32l083.o
    0x00003222   0x00003222   0x00000002   Code   RO          264    i.VC2_IRQHandler    interrupts_cw32l083.o
    0x00003224   0x00003224   0x00000002   Code   RO          265    i.WDT_IRQHandler    interrupts_cw32l083.o
    0x00003226   0x00003226   0x00000002   PAD
    0x00003228   0x00003228   0x00000020   Code   RO         2023    i.__0printf$8       mc_p.l(printf8.o)
    0x00003248   0x00003248   0x0000002e   Code   RO         2121    i.__ARM_clz         mf_p.l(depilogue.o)
    0x00003276   0x00003276   0x0000001c   Code   RO          567    i.__ARM_common_switch8  rtc.o
    0x00003292   0x00003292   0x00000002   PAD
    0x00003294   0x00003294   0x00000020   Code   RO           97    i.__NVIC_EnableIRQ  main.o
    0x000032b4   0x000032b4   0x00000078   Code   RO           98    i.__NVIC_SetPriority  main.o
    0x0000332c   0x0000332c   0x0000000e   Code   RO         2135    i.__scatterload_copy  mc_p.l(handlers.o)
    0x0000333a   0x0000333a   0x00000002   Code   RO         2136    i.__scatterload_null  mc_p.l(handlers.o)
    0x0000333c   0x0000333c   0x0000000e   Code   RO         2137    i.__scatterload_zeroinit  mc_p.l(handlers.o)
    0x0000334a   0x0000334a   0x00000002   PAD
    0x0000334c   0x0000334c   0x00000428   Code   RO         2030    i._printf_core      mc_p.l(printf8.o)
    0x00003774   0x00003774   0x00000020   Code   RO         2031    i._printf_post_padding  mc_p.l(printf8.o)
    0x00003794   0x00003794   0x0000002c   Code   RO         2032    i._printf_pre_padding  mc_p.l(printf8.o)
    0x000037c0   0x000037c0   0x00000002   Code   RO           99    i.assert_failed     main.o
    0x000037c2   0x000037c2   0x00000070   Code   RO          599    i.crc16             message.o
    0x00003832   0x00003832   0x00000042   Code   RO          482    i.daysInMonth       rtc.o
    0x00003874   0x00003874   0x0000001a   Code   RO          100    i.delay             main.o
    0x0000388e   0x0000388e   0x00000010   Code   RO         1763    i.fputc             log.o
    0x0000389e   0x0000389e   0x00000036   Code   RO          483    i.isLeapYear        rtc.o
    0x000038d4   0x000038d4   0x000004a4   Code   RO          101    i.main              main.o
    0x00003d78   0x00003d78   0x00000028   Code   RO          600    i.reverse16         message.o
    0x00003da0   0x00003da0   0x00000028   Code   RO          601    i.reverse8          message.o
    0x00003dc8   0x00003dc8   0x00000008   Data   RO          103    .constdata          main.o
    0x00003dd0   0x00003dd0   0x00000018   Data   RO          603    .constdata          message.o
    0x00003de8   0x00003de8   0x00000008   Data   RO         1764    .constdata          log.o
    0x00003df0   0x00003df0   0x00000009   Data   RO          484    .conststring        rtc.o
    0x00003df9   0x00003df9   0x00000003   PAD
    0x00003dfc   0x00003dfc   0x00000020   Data   RO         2133    Region$$Table       anon$$obj.o


    Execution Region RW_IRAM1 (Exec base: 0x20000000, Load base: 0x00003e1c, Size: 0x00000298, Max: 0x00006000, ABSOLUTE)

    Exec Addr    Load Addr    Size         Type   Attr      Idx    E Section Name        Object

    0x20000000   0x00003e1c   0x00000004   Data   RW            7    .data               system_cw32l083.o
    0x20000004   0x00003e20   0x00000006   Data   RW          104    .data               main.o
    0x2000000a   0x00003e26   0x00000002   Data   RW          266    .data               interrupts_cw32l083.o
    0x2000000c   0x00003e28   0x00000028   Data   RW          485    .data               rtc.o
    0x20000034   0x00003e50   0x00000012   Data   RW          604    .data               message.o
    0x20000046   0x00003e62   0x00000002   PAD
    0x20000048   0x00003e64   0x00000004   Data   RW         2107    .data               mc_p.l(stdout.o)
    0x2000004c        -       0x0000004b   Zero   RW          602    .bss                message.o
    0x20000097   0x00003e68   0x00000001   PAD
    0x20000098        -       0x00000200   Zero   RW           82    STACK               startup_cw32l083.o


==============================================================================

Image component sizes


      Code (inc. data)   RO Data    RW Data    ZI Data      Debug   Object Name

       684        256          0          0          0       3983   cw32l083_btim.o
       226          0          0          0          0       1132   cw32l083_gpio.o
       136         36          0          0          0       1555   cw32l083_pwr.o
       660        182          0          0          0       3000   cw32l083_rcc.o
      2220        404          0          0          0       9415   cw32l083_rtc.o
      1808        522          0          0          0       6506   cw32l083_uart.o
       212         26          0          2          0      19542   interrupts_cw32l083.o
       300         24          8          0          0       3178   log.o
      1854        652          8          6          0     133960   main.o
      1076        138         24         18         75       6642   message.o
      3404        794          9         40          0      11083   rtc.o
        40         14        192          0        512        708   startup_cw32l083.o
        76         18          0          4          0     170263   system_cw32l083.o

    ----------------------------------------------------------------------
     12706       3066        276         72        588     370967   Object Totals
         0          0         32          0          0          0   (incl. Generated)
        10          0          3          2          1          0   (incl. Padding)

    ----------------------------------------------------------------------

      Code (inc. data)   RO Data    RW Data    ZI Data      Debug   Library Member Name

         0          0          0          0          0          0   entry.o
         0          0          0          0          0          0   entry10a.o
         0          0          0          0          0          0   entry11a.o
         8          4          0          0          0          0   entry2.o
         4          0          0          0          0          0   entry5.o
         0          0          0          0          0          0   entry7b.o
         0          0          0          0          0          0   entry8b.o
         8          4          0          0          0          0   entry9a.o
        30          0          0          0          0          0   handlers.o
        40          0          0          0          0         72   idiv.o
        36          8          0          0          0         68   init.o
         0          0          0          0          0          0   iusefp.o
        32          0          0          0          0         68   llshl.o
        38          0          0          0          0         68   llsshr.o
        34          0          0          0          0         68   llushr.o
        36          0          0          0          0         60   memcpya.o
        36          0          0          0          0        100   memseta.o
      1172         52          0          0          0        324   printf8.o
         0          0          0          4          0          0   stdout.o
        44          0          0          0          0         72   uidiv.o
        96          0          0          0          0         84   uldiv.o
       356          4          0          0          0        140   dadd.o
       236          0          0          0          0        216   depilogue.o
        60         10          0          0          0         68   dfixui.o
        40          0          0          0          0         60   f2d.o
       178          0          0          0          0        108   fadd.o
       124          0          0          0          0         72   fdiv.o
       130          0          0          0          0        144   fepilogue.o
        40          0          0          0          0         60   ffixui.o
        14          0          0          0          0         68   ffltui.o
       122          0          0          0          0         72   fmul.o

    ----------------------------------------------------------------------
      2918         82          0          4          0       1992   Library Totals
         4          0          0          0          0          0   (incl. Padding)

    ----------------------------------------------------------------------

      Code (inc. data)   RO Data    RW Data    ZI Data      Debug   Library Name

      1614         68          0          4          0        984   mc_p.l
      1300         14          0          0          0       1008   mf_p.l

    ----------------------------------------------------------------------
      2918         82          0          4          0       1992   Library Totals

    ----------------------------------------------------------------------

==============================================================================


      Code (inc. data)   RO Data    RW Data    ZI Data      Debug   

     15624       3148        276         76        588     367655   Grand Totals
     15624       3148        276         76        588     367655   ELF Image Totals
     15624       3148        276         76          0          0   ROM Totals

==============================================================================

    Total RO  Size (Code + RO Data)                15900 (  15.53kB)
    Total RW  Size (RW Data + ZI Data)               664 (   0.65kB)
    Total ROM Size (Code + RO Data + RW Data)      15976 (  15.60kB)

==============================================================================

